> Task :checkKotlinGradlePluginConfigurationErrors SKIPPED
> Task :compileKotlin UP-TO-DATE
> Task :compileJava NO-SOURCE
> Task :processResources UP-TO-DATE
> Task :classes UP-TO-DATE
> Task :jar UP-TO-DATE
> Task :processTestResources NO-SOURCE

> Task :compileTestKotlin
w: Flag is not supported by this version of the compiler: -Xannotation-default-target=param-property

> Task :compileTestJava NO-SOURCE
> Task :testClasses UP-TO-DATE
OpenJDK 64-Bit Server VM warning: Sharing is only supported for boot loader classes because bootstrap classpath has been appended
2026-03-24T12:17:35.014+05:45  INFO 59608 --- [stviz-backend] [ionShutdownHook] j.LocalContainerEntityManagerFactoryBean : Closing JPA EntityManagerFactory for persistence unit 'default'
2026-03-24T12:17:35.018+05:45  INFO 59608 --- [stviz-backend] [ionShutdownHook] com.zaxxer.hikari.HikariDataSource       : HikariPool-1 - Shutdown initiated...
2026-03-24T12:17:35.021+05:45  INFO 59608 --- [stviz-backend] [ionShutdownHook] com.zaxxer.hikari.HikariDataSource       : HikariPool-1 - Shutdown completed.

> Task :test

AuthControllerTest > should register user successfully and then login() FAILED
    java.lang.AssertionError at AuthControllerTest.kt:50

1 test completed, 1 failed

> Task :test FAILED

[Incubating] Problems report is available at: file:///home/bikram/work/learn/st-viz/backend/build/reports/problems/problems-report.html

FAILURE: Build failed with an exception.

* What went wrong:
Execution failed for task ':test'.
> There were failing tests. See the report at: file:///home/bikram/work/learn/st-viz/backend/build/reports/tests/test/index.html

* Try:
> Run with --scan to get full insights from a Build Scan (powered by Develocity).

Deprecated Gradle features were used in this build, making it incompatible with Gradle 10.

You can use '--warning-mode all' to show the individual deprecation warnings and determine if they come from your own scripts or plugins.

For more on this, please refer to https://docs.gradle.org/9.4.0/userguide/command_line_interface.html#sec:command_line_warnings in the Gradle documentation.

BUILD FAILED in 11s
5 actionable tasks: 2 executed, 3 up-to-date
